{
    "Test rnaseq dream profile - with decoupler": {
        "content": [
            16,
            {
                "CSVTK_JOIN": {
                    "csvtk": "0.31.0"
                },
                "CUSTOM_FILTERDIFFERENTIALTABLE": {
                    "pandas": "1.5.2"
                },
                "DECOUPLER_DECOUPLER": null,
                "decoupler-py": "1.8.0",
                "GTF_TO_TABLE": {
                    "atlas-gene-annotation-manipulation": "1.1.1"
                },
                "GUNZIP_GTF": {
                    "gunzip": 1.1
                },
                "VALIDATOR": {
                    "r-shinyngs": "2.3.0"
                },
                "VARIANCEPARTITION_DREAM": {
                    "r-base": "4.3.3",
                    "bioconductor-edger": "4.0.16",
                    "variancePartition": "1.32.2"
                },
                "Workflow": {
                    "nf-core/differentialabundance": "v1.6.0dev"
                }
            },
            [
                "pipeline_info",
                "pipeline_info/collated_versions.yml",
                "pipeline_info/nf_core_differentialabundance_software_versions.yml",
                "plots",
                "plots/decoupler",
                "plots/decoupler/dream_rnaseq_decoupler",
                "plots/decoupler/dream_rnaseq_decoupler/dream_full_model_with_interactions_SRP254919_consensus_estimate_decoupler_plot.png",
                "plots/decoupler/dream_rnaseq_decoupler/dream_full_model_with_interactions_SRP254919_ulm_estimate_decoupler_plot.png",
                "plots/decoupler/dream_rnaseq_decoupler/dream_interaction_genotype_treatment_SRP254919_consensus_estimate_decoupler_plot.png",
                "plots/decoupler/dream_rnaseq_decoupler/dream_interaction_genotype_treatment_SRP254919_ulm_estimate_decoupler_plot.png",
                "plots/decoupler/dream_rnaseq_decoupler/dream_treatment_plus_genotype_SRP254919_consensus_estimate_decoupler_plot.png",
                "plots/decoupler/dream_rnaseq_decoupler/dream_treatment_plus_genotype_SRP254919_ulm_estimate_decoupler_plot.png",
                "tables",
                "tables/annotation",
                "tables/annotation/dream_rnaseq_decoupler",
                "tables/annotation/dream_rnaseq_decoupler/SRP254919.anno.tsv",
                "tables/decoupler",
                "tables/decoupler/dream_rnaseq_decoupler",
                "tables/decoupler/dream_rnaseq_decoupler/dream_full_model_with_interactions_SRP254919_consensus_estimate_decoupler.tsv",
                "tables/decoupler/dream_rnaseq_decoupler/dream_full_model_with_interactions_SRP254919_consensus_pvals_decoupler.tsv",
                "tables/decoupler/dream_rnaseq_decoupler/dream_full_model_with_interactions_SRP254919_ulm_estimate_decoupler.tsv",
                "tables/decoupler/dream_rnaseq_decoupler/dream_full_model_with_interactions_SRP254919_ulm_pvals_decoupler.tsv",
                "tables/decoupler/dream_rnaseq_decoupler/dream_interaction_genotype_treatment_SRP254919_consensus_estimate_decoupler.tsv",
                "tables/decoupler/dream_rnaseq_decoupler/dream_interaction_genotype_treatment_SRP254919_consensus_pvals_decoupler.tsv",
                "tables/decoupler/dream_rnaseq_decoupler/dream_interaction_genotype_treatment_SRP254919_ulm_estimate_decoupler.tsv",
                "tables/decoupler/dream_rnaseq_decoupler/dream_interaction_genotype_treatment_SRP254919_ulm_pvals_decoupler.tsv",
                "tables/decoupler/dream_rnaseq_decoupler/dream_treatment_plus_genotype_SRP254919_consensus_estimate_decoupler.tsv",
                "tables/decoupler/dream_rnaseq_decoupler/dream_treatment_plus_genotype_SRP254919_consensus_pvals_decoupler.tsv",
                "tables/decoupler/dream_rnaseq_decoupler/dream_treatment_plus_genotype_SRP254919_ulm_estimate_decoupler.tsv",
                "tables/decoupler/dream_rnaseq_decoupler/dream_treatment_plus_genotype_SRP254919_ulm_pvals_decoupler.tsv",
                "tables/differential",
                "tables/differential/dream_rnaseq_decoupler",
                "tables/differential/dream_rnaseq_decoupler/full_model_with_interactions_SRP254919.dream.results.tsv",
                "tables/differential/dream_rnaseq_decoupler/full_model_with_interactions_SRP254919.dream.results_filtered.tsv",
                "tables/differential/dream_rnaseq_decoupler/full_model_with_interactions_SRP254919_dream.annotated.tsv",
                "tables/differential/dream_rnaseq_decoupler/interaction_genotype_treatment_SRP254919.dream.results.tsv",
                "tables/differential/dream_rnaseq_decoupler/interaction_genotype_treatment_SRP254919.dream.results_filtered.tsv",
                "tables/differential/dream_rnaseq_decoupler/interaction_genotype_treatment_SRP254919_dream.annotated.tsv",
                "tables/differential/dream_rnaseq_decoupler/treatment_plus_genotype_SRP254919.dream.results.tsv",
                "tables/differential/dream_rnaseq_decoupler/treatment_plus_genotype_SRP254919.dream.results_filtered.tsv",
                "tables/differential/dream_rnaseq_decoupler/treatment_plus_genotype_SRP254919_dream.annotated.tsv"
            ],
            [
                "SRP254919.anno.tsv:md5,c1d7f21e64bd00f845ec6545c123a1fb",
                "dream_full_model_with_interactions_SRP254919_consensus_estimate_decoupler.tsv:md5,9228a5688277bd19671839f6c9f235d7",
                "dream_full_model_with_interactions_SRP254919_consensus_pvals_decoupler.tsv:md5,6173ed46bab1ab8b91b63b0920076fcf",
                "dream_full_model_with_interactions_SRP254919_ulm_estimate_decoupler.tsv:md5,8c249323390a569ca8969c591203025a",
                "dream_full_model_with_interactions_SRP254919_ulm_pvals_decoupler.tsv:md5,a417ee50e20927a23a7a6522fdbf4f01",
                "dream_interaction_genotype_treatment_SRP254919_consensus_estimate_decoupler.tsv:md5,0007e6673043bb4008092b548c3f604d",
                "dream_interaction_genotype_treatment_SRP254919_consensus_pvals_decoupler.tsv:md5,698a9f768e9c1bd38655d41470e08355",
                "dream_interaction_genotype_treatment_SRP254919_ulm_estimate_decoupler.tsv:md5,b444e8f618dbf483041b1a18696ed21c",
                "dream_interaction_genotype_treatment_SRP254919_ulm_pvals_decoupler.tsv:md5,1a270db27d41f2b47baded6e0dc35a70",
                "dream_treatment_plus_genotype_SRP254919_consensus_estimate_decoupler.tsv:md5,75adafc8406d45331715e2b8c09aecd8",
                "dream_treatment_plus_genotype_SRP254919_consensus_pvals_decoupler.tsv:md5,4496577bcaf08b869e3bfbffd9366f40",
                "dream_treatment_plus_genotype_SRP254919_ulm_estimate_decoupler.tsv:md5,d1283a370deaa64a38d766e6545b6919",
                "dream_treatment_plus_genotype_SRP254919_ulm_pvals_decoupler.tsv:md5,ded327a5fed5d44dac151cda975860bb"
            ]
        ],
        "meta": {
            "nf-test": "0.9.3",
            "nextflow": "25.10.2"
        },
        "timestamp": "2025-12-10T13:44:12.341808513"
    },
    "Test rnaseq dream profile - dream_rnaseq": {
        "content": [
            13,
            {
                "CSVTK_JOIN": {
                    "csvtk": "0.31.0"
                },
                "CUSTOM_FILTERDIFFERENTIALTABLE": {
                    "pandas": "1.5.2"
                },
                "GTF_TO_TABLE": {
                    "atlas-gene-annotation-manipulation": "1.1.1"
                },
                "GUNZIP_GTF": {
                    "gunzip": 1.1
                },
                "VALIDATOR": {
                    "r-shinyngs": "2.3.0"
                },
                "VARIANCEPARTITION_DREAM": {
                    "r-base": "4.3.3",
                    "bioconductor-edger": "4.0.16",
                    "variancePartition": "1.32.2"
                },
                "Workflow": {
                    "nf-core/differentialabundance": "v1.6.0dev"
                }
            },
            [
                "pipeline_info",
                "pipeline_info/collated_versions.yml",
                "pipeline_info/nf_core_differentialabundance_software_versions.yml",
                "tables",
                "tables/annotation",
                "tables/annotation/dream_rnaseq",
                "tables/annotation/dream_rnaseq/SRP254919.anno.tsv",
                "tables/differential",
                "tables/differential/dream_rnaseq",
                "tables/differential/dream_rnaseq/full_model_with_interactions_SRP254919.dream.results.tsv",
                "tables/differential/dream_rnaseq/full_model_with_interactions_SRP254919.dream.results_filtered.tsv",
                "tables/differential/dream_rnaseq/full_model_with_interactions_SRP254919_dream.annotated.tsv",
                "tables/differential/dream_rnaseq/interaction_genotype_treatment_SRP254919.dream.results.tsv",
                "tables/differential/dream_rnaseq/interaction_genotype_treatment_SRP254919.dream.results_filtered.tsv",
                "tables/differential/dream_rnaseq/interaction_genotype_treatment_SRP254919_dream.annotated.tsv",
                "tables/differential/dream_rnaseq/treatment_plus_genotype_SRP254919.dream.results.tsv",
                "tables/differential/dream_rnaseq/treatment_plus_genotype_SRP254919.dream.results_filtered.tsv",
                "tables/differential/dream_rnaseq/treatment_plus_genotype_SRP254919_dream.annotated.tsv"
            ],
            [
                "SRP254919.anno.tsv:md5,c1d7f21e64bd00f845ec6545c123a1fb"
            ]
        ],
        "meta": {
            "nf-test": "0.9.3",
            "nextflow": "25.04.2"
        },
        "timestamp": "2025-12-03T18:58:48.039381969"
    },
    "Test rnaseq dream profile - complex contrast - with zero intercept": {
        "content": [
            19,
            {
                "CSVTK_JOIN": {
                    "csvtk": "0.31.0"
                },
                "CUSTOM_FILTERDIFFERENTIALTABLE": {
                    "pandas": "1.5.2"
                },
                "GTF_TO_TABLE": {
                    "atlas-gene-annotation-manipulation": "1.1.1"
                },
                "GUNZIP_GTF": {
                    "gunzip": 1.1
                },
                "VALIDATOR": {
                    "r-shinyngs": "2.3.0"
                },
                "VARIANCEPARTITION_DREAM": {
                    "r-base": "4.3.3",
                    "bioconductor-edger": "4.0.16",
                    "variancePartition": "1.32.2"
                },
                "Workflow": {
                    "nf-core/differentialabundance": "v1.6.0dev"
                }
            },
            [
                "pipeline_info",
                "pipeline_info/collated_versions.yml",
                "pipeline_info/nf_core_differentialabundance_software_versions.yml",
                "tables",
                "tables/annotation",
                "tables/annotation/dream_rnaseq2",
                "tables/annotation/dream_rnaseq2/SRP254919.anno.tsv",
                "tables/differential",
                "tables/differential/dream_rnaseq2",
                "tables/differential/dream_rnaseq2/full_model_with_interactions_SRP254919.dream.results.tsv",
                "tables/differential/dream_rnaseq2/full_model_with_interactions_SRP254919.dream.results_filtered.tsv",
                "tables/differential/dream_rnaseq2/full_model_with_interactions_SRP254919_dream.annotated.tsv",
                "tables/differential/dream_rnaseq2/interaction_genotype_treatment_SRP254919.dream.results.tsv",
                "tables/differential/dream_rnaseq2/interaction_genotype_treatment_SRP254919.dream.results_filtered.tsv",
                "tables/differential/dream_rnaseq2/interaction_genotype_treatment_SRP254919_dream.annotated.tsv",
                "tables/differential/dream_rnaseq2/treatment_plus_genotype_SRP254919.dream.results.tsv",
                "tables/differential/dream_rnaseq2/treatment_plus_genotype_SRP254919.dream.results_filtered.tsv",
                "tables/differential/dream_rnaseq2/treatment_plus_genotype_SRP254919_dream.annotated.tsv",
                "tables/differential/dream_rnaseq2/zero_intercept_model_1_SRP254919.dream.results.tsv",
                "tables/differential/dream_rnaseq2/zero_intercept_model_1_SRP254919.dream.results_filtered.tsv",
                "tables/differential/dream_rnaseq2/zero_intercept_model_1_SRP254919_dream.annotated.tsv",
                "tables/differential/dream_rnaseq2/zero_intercept_model_2_SRP254919.dream.results.tsv",
                "tables/differential/dream_rnaseq2/zero_intercept_model_2_SRP254919.dream.results_filtered.tsv",
                "tables/differential/dream_rnaseq2/zero_intercept_model_2_SRP254919_dream.annotated.tsv"
            ],
            [
                "SRP254919.anno.tsv:md5,c1d7f21e64bd00f845ec6545c123a1fb"
            ]
        ],
        "meta": {
            "nf-test": "0.9.3",
            "nextflow": "25.04.2"
        },
        "timestamp": "2025-12-03T19:00:31.693298086"
    }
}