{
    "Test affy profile": {
        "content": [
            3,
            {
                "AFFY_JUSTRMA_RAW": {
                    "r-base": "4.3.1",
                    "bioconductor-affy": "1.78.0"
                },
                "Workflow": {
                    "nf-core/differentialabundance": "v1.6.0dev"
                }
            },
            [
                "other",
                "other/affy",
                "other/affy/raw._eset.rds",
                "pipeline_info",
                "pipeline_info/collated_versions.yml",
                "pipeline_info/nf_core_differentialabundance_software_versions.yml",
                "tables",
                "tables/annotation",
                "tables/annotation/hgu133plus2.annotation.tsv",
                "tables/processed_abundance",
                "untar",
                "untar/GSE50790",
                "untar/GSE50790/GSE50790",
                "untar/GSE50790/GSE50790/GSM1229341_Gudjohnsson_001_6690_PP.CEL.gz",
                "untar/GSE50790/GSE50790/GSM1229342_Gudjohnsson_002_6690_PN.CEL.gz",
                "untar/GSE50790/GSE50790/GSM1229343_Gudjohnsson_003_7450_PN.CEL.gz",
                "untar/GSE50790/GSE50790/GSM1229344_Gudjohnsson_004_7450_PP.CEL.gz",
                "untar/GSE50790/GSE50790/GSM1229345_Gudjohnsson_005_7912_PP.CEL.gz",
                "untar/GSE50790/GSE50790/GSM1229346_Gudjohnsson_006_7912_PN.CEL.gz",
                "untar/GSE50790/GSE50790/GSM1229347_Gudjohnsson_007_8470_PP.CEL.gz",
                "untar/GSE50790/GSE50790/GSM1229348_Gudjohnsson_008_8470_PN.CEL.gz"
            ],
            [
                "raw._eset.rds:md5,8c6c7807ce6c5d8204bd681b941eeb0f",
                "hgu133plus2.annotation.tsv:md5,f2b82ef12b2a2e8e575de06766583d96",
                "GSM1229341_Gudjohnsson_001_6690_PP.CEL.gz:md5,259d0908211a071351450f366fd51cad",
                "GSM1229342_Gudjohnsson_002_6690_PN.CEL.gz:md5,31cc2b8b26e210760b8ebd4b304b52ba",
                "GSM1229343_Gudjohnsson_003_7450_PN.CEL.gz:md5,713a3ca75a883cbff6da0be7bd251422",
                "GSM1229344_Gudjohnsson_004_7450_PP.CEL.gz:md5,6f9b8815282bd0fd51c575145acf08cb",
                "GSM1229345_Gudjohnsson_005_7912_PP.CEL.gz:md5,69c709ce4ede2b85c931a903b3805d60",
                "GSM1229346_Gudjohnsson_006_7912_PN.CEL.gz:md5,e05ae9fab96c299416878c4cbbd74327",
                "GSM1229347_Gudjohnsson_007_8470_PP.CEL.gz:md5,951ce488dd3baf0141e6eabc233bd8c7",
                "GSM1229348_Gudjohnsson_008_8470_PN.CEL.gz:md5,ec5129e035badf3b670178d53e24f0cc"
            ]
        ],
        "meta": {
            "nf-test": "0.9.2",
            "nextflow": "24.10.4"
        },
        "timestamp": "2025-04-16T15:11:00.220015426"
    },
    "Test affy profile - with toolsheet": {
        "content": [
            0,
            null,
            [
                "pipeline_info"
            ],
            [
                
            ]
        ],
        "meta": {
            "nf-test": "0.9.2",
            "nextflow": "24.10.4"
        },
        "timestamp": "2025-04-16T15:11:41.267054632"
    }
}